
> dev
> vite

[2m7:17:07 PM[22m [36m[1m[vite][22m[39m [90m[2m(client)[22m[39m Re-optimizing dependencies because vite config has changed

  [32m[1mVITE[22m v8.0.16[39m  [2mready in [0m[1m1577[22m[2m[0m ms[22m

  [32m➜[39m  [1mLocal[22m:   [36mhttp://localhost:[1m5173[22m/[39m
[2m  [32m➜[39m  [1mNetwork[22m[2m: use [22m[1m--host[22m[2m to expose[22m
[2m[32m  ➜[39m[22m[2m  press [22m[1mh + enter[22m[2m to show help[22m
[2m9:39:39 AM[22m [36m[1m[vite][22m[39m [90m[2m(client)[22m[39m [32mhmr update [39m[2m/app.jsx[22m
[2m9:39:51 AM[22m [36m[1m[vite][22m[39m [90m[2m(client)[22m[39m [32mhmr update [39m[2m/pipeline.jsx[22m
[2m9:40:01 AM[22m [36m[1m[vite][22m[39m [90m[2m(client)[22m[39m [32mhmr update [39m[2m/pipeline.jsx[22m
[2m9:40:07 AM[22m [36m[1m[vite][22m[39m [90m[2m(client)[22m[39m [32mhmr update [39m[2m/pipeline.jsx[22m
[2m9:40:13 AM[22m [36m[1m[vite][22m[39m [90m[2m(client)[22m[39m [32mhmr update [39m[2m/pipeline.jsx[22m
[2m9:40:25 AM[22m [36m[1m[vite][22m[39m [90m[2m(client)[22m[39m [32mhmr update [39m[2m/pipeline.jsx[22m
[2m9:40:31 AM[22m [36m[1m[vite][22m[39m [90m[2m(client)[22m[39m [32mhmr update [39m[2m/pipeline.jsx[22m
[2m9:40:53 AM[22m [36m[1m[vite][22m[39m [90m[2m(client)[22m[39m [32mhmr update [39m[2m/pipeline.jsx[22m
[2m9:41:00 AM[22m [36m[1m[vite][22m[39m [90m[2m(client)[22m[39m [32mhmr update [39m[2m/pipeline.jsx[22m
[2m9:41:20 AM[22m [36m[1m[vite][22m[39m [90m[2m(client)[22m[39m [32mhmr update [39m[2m/pipeline.jsx[22m
[2m9:50:58 AM[22m [31m[1m[vite][22m[39m [31mhttp proxy error: /predictive/full-analysis[39m
Error: connect ECONNREFUSED 127.0.0.1:8001
    at TCPConnectWrap.afterConnect [as oncomplete] (node:net:1705:16)
[2m10:11:47 AM[22m [31m[1m[vite][22m[39m [31mhttp proxy error: /predictive/full-analysis[39m
Error: connect ECONNREFUSED 127.0.0.1:8001
    at TCPConnectWrap.afterConnect [as oncomplete] (node:net:1705:16)
[2m11:07:02 AM[22m [36m[1m[vite][22m[39m [90m[2m(client)[22m[39m [32mhmr update [39m[2m/rail.jsx[22m
[2m11:07:02 AM[22m [36m[1m[vite][22m[39m [90m[2m(client)[22m[39m [33mhmr invalidate [39m[2m/rail.jsx[22m Could not Fast Refresh ("true" export is incompatible). Learn more at https://github.com/vitejs/vite-plugin-react/tree/main/packages/plugin-react#consistent-components-exports
[2m11:07:02 AM[22m [36m[1m[vite][22m[39m [90m[2m(client)[22m[39m [32mhmr update [39m[2m/src/main.jsx[22m
[2m11:07:02 AM[22m [31m[1m[vite][22m[39m [31m[2m(client)[22m[39m [2m[console.error] [22mWarning: You are calling ReactDOMClient.createRoot() on a container that has already been passed to createRoot() before. Instead, call root.render() on the existing root instead if you want to update it.
[2m11:07:02 AM[22m [36m[1m[vite][22m[39m [90m[2m(client)[22m[39m [33mhmr invalidate [39m[2m/src/main.jsx[22m Could not Fast Refresh ("true" export is incompatible). Learn more at https://github.com/vitejs/vite-plugin-react/tree/main/packages/plugin-react#consistent-components-exports
[2m11:07:02 AM[22m [36m[1m[vite][22m[39m [90m[2m(client)[22m[39m [32mpage reload [39m[2msrc/main.jsx[22m
[2m11:07:09 AM[22m [36m[1m[vite][22m[39m [90m[2m(client)[22m[39m [32mhmr update [39m[2m/rail.jsx[22m
[2m11:07:09 AM[22m [36m[1m[vite][22m[39m [90m[2m(client)[22m[39m [33mhmr invalidate [39m[2m/rail.jsx[22m Could not Fast Refresh ("true" export is incompatible). Learn more at https://github.com/vitejs/vite-plugin-react/tree/main/packages/plugin-react#consistent-components-exports
[2m11:07:09 AM[22m [36m[1m[vite][22m[39m [90m[2m(client)[22m[39m [32mhmr update [39m[2m/src/main.jsx[22m
[2m11:07:09 AM[22m [31m[1m[vite][22m[39m [31m[2m(client)[22m[39m [2m[console.error] [22mWarning: You are calling ReactDOMClient.createRoot() on a container that has already been passed to createRoot() before. Instead, call root.render() on the existing root instead if you want to update it.
[2m11:07:09 AM[22m [36m[1m[vite][22m[39m [90m[2m(client)[22m[39m [33mhmr invalidate [39m[2m/src/main.jsx[22m Could not Fast Refresh ("true" export is incompatible). Learn more at https://github.com/vitejs/vite-plugin-react/tree/main/packages/plugin-react#consistent-components-exports
[2m11:07:09 AM[22m [36m[1m[vite][22m[39m [90m[2m(client)[22m[39m [32mpage reload [39m[2msrc/main.jsx[22m
[2m11:07:17 AM[22m [36m[1m[vite][22m[39m [90m[2m(client)[22m[39m [32mhmr update [39m[2m/app.jsx[22m
[2m11:07:32 AM[22m [36m[1m[vite][22m[39m [90m[2m(client)[22m[39m [32mhmr update [39m[2m/app.jsx[22m
[2m11:07:49 AM[22m [36m[1m[vite][22m[39m [90m[2m(client)[22m[39m [32mhmr update [39m[2m/pipeline.jsx[22m
[2m11:07:49 AM[22m [36m[1m[vite][22m[39m [90m[2m(client)[22m[39m [33mhmr invalidate [39m[2m/pipeline.jsx[22m Could not Fast Refresh ("true" export is incompatible). Learn more at https://github.com/vitejs/vite-plugin-react/tree/main/packages/plugin-react#consistent-components-exports
[2m11:07:49 AM[22m [36m[1m[vite][22m[39m [90m[2m(client)[22m[39m [32mhmr update [39m[2m/src/main.jsx[22m
[2m11:07:49 AM[22m [31m[1m[vite][22m[39m [31m[2m(client)[22m[39m [2m[console.error] [22mWarning: You are calling ReactDOMClient.createRoot() on a container that has already been passed to createRoot() before. Instead, call root.render() on the existing root instead if you want to update it.
[2m11:07:49 AM[22m [36m[1m[vite][22m[39m [90m[2m(client)[22m[39m [33mhmr invalidate [39m[2m/src/main.jsx[22m Could not Fast Refresh ("true" export is incompatible). Learn more at https://github.com/vitejs/vite-plugin-react/tree/main/packages/plugin-react#consistent-components-exports
[2m11:07:49 AM[22m [36m[1m[vite][22m[39m [90m[2m(client)[22m[39m [32mpage reload [39m[2msrc/main.jsx[22m
[2m11:07:54 AM[22m [36m[1m[vite][22m[39m [90m[2m(client)[22m[39m [32mhmr update [39m[2m/pipeline.jsx[22m
[2m11:07:54 AM[22m [36m[1m[vite][22m[39m [90m[2m(client)[22m[39m [33mhmr invalidate [39m[2m/pipeline.jsx[22m Could not Fast Refresh ("true" export is incompatible). Learn more at https://github.com/vitejs/vite-plugin-react/tree/main/packages/plugin-react#consistent-components-exports
[2m11:07:54 AM[22m [36m[1m[vite][22m[39m [90m[2m(client)[22m[39m [32mhmr update [39m[2m/src/main.jsx[22m
[2m11:07:54 AM[22m [31m[1m[vite][22m[39m [31m[2m(client)[22m[39m [2m[console.error] [22mWarning: You are calling ReactDOMClient.createRoot() on a container that has already been passed to createRoot() before. Instead, call root.render() on the existing root instead if you want to update it.
[2m11:07:54 AM[22m [36m[1m[vite][22m[39m [90m[2m(client)[22m[39m [33mhmr invalidate [39m[2m/src/main.jsx[22m Could not Fast Refresh ("true" export is incompatible). Learn more at https://github.com/vitejs/vite-plugin-react/tree/main/packages/plugin-react#consistent-components-exports
[2m11:07:54 AM[22m [36m[1m[vite][22m[39m [90m[2m(client)[22m[39m [32mpage reload [39m[2msrc/main.jsx[22m
[2m11:08:09 AM[22m [36m[1m[vite][22m[39m [90m[2m(client)[22m[39m [32mhmr update [39m[2m/pipeline.jsx[22m
[2m11:08:10 AM[22m [36m[1m[vite][22m[39m [90m[2m(client)[22m[39m [33mhmr invalidate [39m[2m/pipeline.jsx[22m Could not Fast Refresh ("true" export is incompatible). Learn more at https://github.com/vitejs/vite-plugin-react/tree/main/packages/plugin-react#consistent-components-exports
[2m11:08:10 AM[22m [36m[1m[vite][22m[39m [90m[2m(client)[22m[39m [32mhmr update [39m[2m/src/main.jsx[22m
[2m11:08:10 AM[22m [31m[1m[vite][22m[39m [31m[2m(client)[22m[39m [2m[console.error] [22mWarning: You are calling ReactDOMClient.createRoot() on a container that has already been passed to createRoot() before. Instead, call root.render() on the existing root instead if you want to update it.
[2m11:08:10 AM[22m [36m[1m[vite][22m[39m [90m[2m(client)[22m[39m [33mhmr invalidate [39m[2m/src/main.jsx[22m Could not Fast Refresh ("true" export is incompatible). Learn more at https://github.com/vitejs/vite-plugin-react/tree/main/packages/plugin-react#consistent-components-exports
[2m11:08:10 AM[22m [36m[1m[vite][22m[39m [90m[2m(client)[22m[39m [32mpage reload [39m[2msrc/main.jsx[22m
[2m11:08:25 AM[22m [36m[1m[vite][22m[39m [90m[2m(client)[22m[39m [32mhmr update [39m[2m/pipeline.jsx[22m
[2m11:08:25 AM[22m [36m[1m[vite][22m[39m [90m[2m(client)[22m[39m [33mhmr invalidate [39m[2m/pipeline.jsx[22m Could not Fast Refresh ("true" export is incompatible). Learn more at https://github.com/vitejs/vite-plugin-react/tree/main/packages/plugin-react#consistent-components-exports
[2m11:08:25 AM[22m [36m[1m[vite][22m[39m [90m[2m(client)[22m[39m [32mhmr update [39m[2m/src/main.jsx[22m
[2m11:08:25 AM[22m [31m[1m[vite][22m[39m [31m[2m(client)[22m[39m [2m[console.error] [22mWarning: You are calling ReactDOMClient.createRoot() on a container that has already been passed to createRoot() before. Instead, call root.render() on the existing root instead if you want to update it.
[2m11:08:25 AM[22m [36m[1m[vite][22m[39m [90m[2m(client)[22m[39m [33mhmr invalidate [39m[2m/src/main.jsx[22m Could not Fast Refresh ("true" export is incompatible). Learn more at https://github.com/vitejs/vite-plugin-react/tree/main/packages/plugin-react#consistent-components-exports
[2m11:08:25 AM[22m [36m[1m[vite][22m[39m [90m[2m(client)[22m[39m [32mpage reload [39m[2msrc/main.jsx[22m
[2m11:08:26 AM[22m [31m[1m[vite][22m[39m [31m[2m(client)[22m[39m [31m[Unhandled error] [1mReferenceError[22m: s5Extra is not defined
[39m > StageBody pipeline.jsx:366:62
    364 |  
    365 |    if (id === "s4") return <><S4Body output={output}/><StageTrace trace={trace}/></>;
    366 |  ...if (id === "s5") return <><S5Body output={output} flowMeta={s5Extra?.flowMeta} risks={s5Extra?.risks} maps={s5Extr...
        |                                                                 ^
    367 |    if (id === "s6") return <><S6Body output={output}/><StageTrace trace={trace}/></>;
    368 |    return null;
 > renderWithHooks node_modules/react-dom/cjs/react-dom.development.js:15486:17
 > mountIndeterminateComponent node_modules/react-dom/cjs/react-dom.development.js:20103:12
 > beginWork node_modules/react-dom/cjs/react-dom.development.js:21626:15
 > HTMLUnknownElement.callCallback node_modules/react-dom/cjs/react-dom.development.js:4164:13
 > Object.invokeGuardedCallbackDev node_modules/react-dom/cjs/react-dom.development.js:4213:15
 > invokeGuardedCallback node_modules/react-dom/cjs/react-dom.development.js:4277:30
 > beginWork$1 node_modules/react-dom/cjs/react-dom.development.js:27490:6
 > performUnitOfWork node_modules/react-dom/cjs/react-dom.development.js:26596:11
 > workLoopSync node_modules/react-dom/cjs/react-dom.development.js:26505:4

[2m11:08:26 AM[22m [31m[1m[vite][22m[39m [31m[2m(client)[22m[39m [31m[Unhandled error] [1mReferenceError[22m: s5Extra is not defined
[39m > StageBody pipeline.jsx:366:62
    364 |  
    365 |    if (id === "s4") return <><S4Body output={output}/><StageTrace trace={trace}/></>;
    366 |  ...if (id === "s5") return <><S5Body output={output} flowMeta={s5Extra?.flowMeta} risks={s5Extra?.risks} maps={s5Extr...
        |                                                                 ^
    367 |    if (id === "s6") return <><S6Body output={output}/><StageTrace trace={trace}/></>;
    368 |    return null;
 > renderWithHooks node_modules/react-dom/cjs/react-dom.development.js:15486:17
 > mountIndeterminateComponent node_modules/react-dom/cjs/react-dom.development.js:20103:12
 > beginWork node_modules/react-dom/cjs/react-dom.development.js:21626:15
 > HTMLUnknownElement.callCallback node_modules/react-dom/cjs/react-dom.development.js:4164:13
 > Object.invokeGuardedCallbackDev node_modules/react-dom/cjs/react-dom.development.js:4213:15
 > invokeGuardedCallback node_modules/react-dom/cjs/react-dom.development.js:4277:30
 > beginWork$1 node_modules/react-dom/cjs/react-dom.development.js:27490:6
 > performUnitOfWork node_modules/react-dom/cjs/react-dom.development.js:26596:11
 > workLoopSync node_modules/react-dom/cjs/react-dom.development.js:26505:4

[2m11:08:26 AM[22m [31m[1m[vite][22m[39m [31m[2m(client)[22m[39m [2m[console.error] [22mThe above error occurred in the <StageBody> component:

    at StageBody (http://localhost:5173/pipeline.jsx?t=1782238105526:735:22)
    at div
    at div
    at Stage (http://localhost:5173/pipeline.jsx?t=1782238105526:195:18)
    at div
    at Pipeline (http://localhost:5173/pipeline.jsx?t=1782238105526:50:21)
    at div
    at main
    at div
    at ErrorBoundary (http://localhost:5173/app.jsx?t=1782238052138:12:3)
    at div
    at App (http://localhost:5173/app.jsx?t=1782238052138:94:29)
    at RootBoundary (http://localhost:5173/src/main.jsx?t=1782238105526:35:3)

React will try to recreate this component tree from scratch using the error boundary you provided, ErrorBoundary.
[2m11:08:27 AM[22m [31m[1m[vite][22m[39m [31m[2m(client)[22m[39m [31m[Unhandled error] [1mReferenceError[22m: s5Extra is not defined
[39m > StageBody pipeline.jsx:366:62
    364 |  
    365 |    if (id === "s4") return <><S4Body output={output}/><StageTrace trace={trace}/></>;
    366 |  ...if (id === "s5") return <><S5Body output={output} flowMeta={s5Extra?.flowMeta} risks={s5Extra?.risks} maps={s5Extr...
        |                                                                 ^
    367 |    if (id === "s6") return <><S6Body output={output}/><StageTrace trace={trace}/></>;
    368 |    return null;
 > renderWithHooks node_modules/react-dom/cjs/react-dom.development.js:15486:17
 > mountIndeterminateComponent node_modules/react-dom/cjs/react-dom.development.js:20103:12
 > beginWork node_modules/react-dom/cjs/react-dom.development.js:21626:15
 > HTMLUnknownElement.callCallback node_modules/react-dom/cjs/react-dom.development.js:4164:13
 > Object.invokeGuardedCallbackDev node_modules/react-dom/cjs/react-dom.development.js:4213:15
 > invokeGuardedCallback node_modules/react-dom/cjs/react-dom.development.js:4277:30
 > beginWork$1 node_modules/react-dom/cjs/react-dom.development.js:27490:6
 > performUnitOfWork node_modules/react-dom/cjs/react-dom.development.js:26596:11
 > workLoopSync node_modules/react-dom/cjs/react-dom.development.js:26505:4

[2m11:08:27 AM[22m [31m[1m[vite][22m[39m [31m[2m(client)[22m[39m [31m[Unhandled error] [1mReferenceError[22m: s5Extra is not defined
[39m > StageBody pipeline.jsx:366:62
    364 |  
    365 |    if (id === "s4") return <><S4Body output={output}/><StageTrace trace={trace}/></>;
    366 |  ...if (id === "s5") return <><S5Body output={output} flowMeta={s5Extra?.flowMeta} risks={s5Extra?.risks} maps={s5Extr...
        |                                                                 ^
    367 |    if (id === "s6") return <><S6Body output={output}/><StageTrace trace={trace}/></>;
    368 |    return null;
 > renderWithHooks node_modules/react-dom/cjs/react-dom.development.js:15486:17
 > mountIndeterminateComponent node_modules/react-dom/cjs/react-dom.development.js:20103:12
 > beginWork node_modules/react-dom/cjs/react-dom.development.js:21626:15
 > HTMLUnknownElement.callCallback node_modules/react-dom/cjs/react-dom.development.js:4164:13
 > Object.invokeGuardedCallbackDev node_modules/react-dom/cjs/react-dom.development.js:4213:15
 > invokeGuardedCallback node_modules/react-dom/cjs/react-dom.development.js:4277:30
 > beginWork$1 node_modules/react-dom/cjs/react-dom.development.js:27490:6
 > performUnitOfWork node_modules/react-dom/cjs/react-dom.development.js:26596:11
 > workLoopSync node_modules/react-dom/cjs/react-dom.development.js:26505:4

[2m11:08:27 AM[22m [31m[1m[vite][22m[39m [31m[2m(client)[22m[39m [2m[console.error] [22mThe above error occurred in the <StageBody> component:

    at StageBody (http://localhost:5173/pipeline.jsx?t=1782238105526:735:22)
    at div
    at div
    at Stage (http://localhost:5173/pipeline.jsx?t=1782238105526:195:18)
    at div
    at Pipeline (http://localhost:5173/pipeline.jsx?t=1782238105526:50:21)
    at div
    at main
    at div
    at ErrorBoundary (http://localhost:5173/app.jsx?t=1782238052138:12:3)
    at div
    at App (http://localhost:5173/app.jsx?t=1782238052138:94:29)
    at RootBoundary (http://localhost:5173/src/main.jsx?t=1782238105526:35:3)

React will try to recreate this component tree from scratch using the error boundary you provided, ErrorBoundary.
[2m11:09:11 AM[22m [36m[1m[vite][22m[39m [90m[2m(client)[22m[39m [32mhmr update [39m[2m/pipeline.jsx[22m
[2m11:09:11 AM[22m [36m[1m[vite][22m[39m [90m[2m(client)[22m[39m [33mhmr invalidate [39m[2m/pipeline.jsx[22m Could not Fast Refresh ("true" export is incompatible). Learn more at https://github.com/vitejs/vite-plugin-react/tree/main/packages/plugin-react#consistent-components-exports
[2m11:09:11 AM[22m [36m[1m[vite][22m[39m [90m[2m(client)[22m[39m [32mhmr update [39m[2m/src/main.jsx[22m
[2m11:09:11 AM[22m [31m[1m[vite][22m[39m [31m[2m(client)[22m[39m [2m[console.error] [22mWarning: You are calling ReactDOMClient.createRoot() on a container that has already been passed to createRoot() before. Instead, call root.render() on the existing root instead if you want to update it.
[2m11:09:11 AM[22m [36m[1m[vite][22m[39m [90m[2m(client)[22m[39m [33mhmr invalidate [39m[2m/src/main.jsx[22m Could not Fast Refresh ("true" export is incompatible). Learn more at https://github.com/vitejs/vite-plugin-react/tree/main/packages/plugin-react#consistent-components-exports
[2m11:09:11 AM[22m [36m[1m[vite][22m[39m [90m[2m(client)[22m[39m [32mpage reload [39m[2msrc/main.jsx[22m
[2m11:09:12 AM[22m [31m[1m[vite][22m[39m [31m[2m(client)[22m[39m [31m[Unhandled error] [1mReferenceError[22m: s5Extra is not defined
[39m > StageBody pipeline.jsx:374:62
    372 |  
    373 |    if (id === "s4") return <><S4Body output={output}/><StageTrace trace={trace}/></>;
    374 |  ...if (id === "s5") return <><S5Body output={output} flowMeta={s5Extra?.flowMeta} risks={s5Extra?.risks} maps={s5Extr...
        |                                                                 ^
    375 |    if (id === "s6") return <><S6Body output={output}/><StageTrace trace={trace}/></>;
    376 |    return null;
 > renderWithHooks node_modules/react-dom/cjs/react-dom.development.js:15486:17
 > mountIndeterminateComponent node_modules/react-dom/cjs/react-dom.development.js:20103:12
 > beginWork node_modules/react-dom/cjs/react-dom.development.js:21626:15
 > HTMLUnknownElement.callCallback node_modules/react-dom/cjs/react-dom.development.js:4164:13
 > Object.invokeGuardedCallbackDev node_modules/react-dom/cjs/react-dom.development.js:4213:15
 > invokeGuardedCallback node_modules/react-dom/cjs/react-dom.development.js:4277:30
 > beginWork$1 node_modules/react-dom/cjs/react-dom.development.js:27490:6
 > performUnitOfWork node_modules/react-dom/cjs/react-dom.development.js:26596:11
 > workLoopSync node_modules/react-dom/cjs/react-dom.development.js:26505:4

[2m11:09:12 AM[22m [31m[1m[vite][22m[39m [31m[2m(client)[22m[39m [31m[Unhandled error] [1mReferenceError[22m: s5Extra is not defined
[39m > StageBody pipeline.jsx:374:62
    372 |  
    373 |    if (id === "s4") return <><S4Body output={output}/><StageTrace trace={trace}/></>;
    374 |  ...if (id === "s5") return <><S5Body output={output} flowMeta={s5Extra?.flowMeta} risks={s5Extra?.risks} maps={s5Extr...
        |                                                                 ^
    375 |    if (id === "s6") return <><S6Body output={output}/><StageTrace trace={trace}/></>;
    376 |    return null;
 > renderWithHooks node_modules/react-dom/cjs/react-dom.development.js:15486:17
 > mountIndeterminateComponent node_modules/react-dom/cjs/react-dom.development.js:20103:12
 > beginWork node_modules/react-dom/cjs/react-dom.development.js:21626:15
 > HTMLUnknownElement.callCallback node_modules/react-dom/cjs/react-dom.development.js:4164:13
 > Object.invokeGuardedCallbackDev node_modules/react-dom/cjs/react-dom.development.js:4213:15
 > invokeGuardedCallback node_modules/react-dom/cjs/react-dom.development.js:4277:30
 > beginWork$1 node_modules/react-dom/cjs/react-dom.development.js:27490:6
 > performUnitOfWork node_modules/react-dom/cjs/react-dom.development.js:26596:11
 > workLoopSync node_modules/react-dom/cjs/react-dom.development.js:26505:4

[2m11:09:12 AM[22m [31m[1m[vite][22m[39m [31m[2m(client)[22m[39m [2m[console.error] [22mThe above error occurred in the <StageBody> component:

    at StageBody (http://localhost:5173/pipeline.jsx?t=1782238151577:742:22)
    at div
    at div
    at Stage (http://localhost:5173/pipeline.jsx?t=1782238151577:202:18)
    at div
    at Pipeline (http://localhost:5173/pipeline.jsx?t=1782238151577:50:21)
    at div
    at main
    at div
    at ErrorBoundary (http://localhost:5173/app.jsx?t=1782238052138:12:3)
    at div
    at App (http://localhost:5173/app.jsx?t=1782238052138:94:29)
    at RootBoundary (http://localhost:5173/src/main.jsx?t=1782238151577:35:3)

React will try to recreate this component tree from scratch using the error boundary you provided, ErrorBoundary.
[2m11:09:13 AM[22m [31m[1m[vite][22m[39m [31m[2m(client)[22m[39m [31m[Unhandled error] [1mReferenceError[22m: s5Extra is not defined
[39m > StageBody pipeline.jsx:374:62
    372 |  
    373 |    if (id === "s4") return <><S4Body output={output}/><StageTrace trace={trace}/></>;
    374 |  ...if (id === "s5") return <><S5Body output={output} flowMeta={s5Extra?.flowMeta} risks={s5Extra?.risks} maps={s5Extr...
        |                                                                 ^
    375 |    if (id === "s6") return <><S6Body output={output}/><StageTrace trace={trace}/></>;
    376 |    return null;
 > renderWithHooks node_modules/react-dom/cjs/react-dom.development.js:15486:17
 > mountIndeterminateComponent node_modules/react-dom/cjs/react-dom.development.js:20103:12
 > beginWork node_modules/react-dom/cjs/react-dom.development.js:21626:15
 > HTMLUnknownElement.callCallback node_modules/react-dom/cjs/react-dom.development.js:4164:13
 > Object.invokeGuardedCallbackDev node_modules/react-dom/cjs/react-dom.development.js:4213:15
 > invokeGuardedCallback node_modules/react-dom/cjs/react-dom.development.js:4277:30
 > beginWork$1 node_modules/react-dom/cjs/react-dom.development.js:27490:6
 > performUnitOfWork node_modules/react-dom/cjs/react-dom.development.js:26596:11
 > workLoopSync node_modules/react-dom/cjs/react-dom.development.js:26505:4

[2m11:09:13 AM[22m [31m[1m[vite][22m[39m [31m[2m(client)[22m[39m [31m[Unhandled error] [1mReferenceError[22m: s5Extra is not defined
[39m > StageBody pipeline.jsx:374:62
    372 |  
    373 |    if (id === "s4") return <><S4Body output={output}/><StageTrace trace={trace}/></>;
    374 |  ...if (id === "s5") return <><S5Body output={output} flowMeta={s5Extra?.flowMeta} risks={s5Extra?.risks} maps={s5Extr...
        |                                                                 ^
    375 |    if (id === "s6") return <><S6Body output={output}/><StageTrace trace={trace}/></>;
    376 |    return null;
 > renderWithHooks node_modules/react-dom/cjs/react-dom.development.js:15486:17
 > mountIndeterminateComponent node_modules/react-dom/cjs/react-dom.development.js:20103:12
 > beginWork node_modules/react-dom/cjs/react-dom.development.js:21626:15
 > HTMLUnknownElement.callCallback node_modules/react-dom/cjs/react-dom.development.js:4164:13
 > Object.invokeGuardedCallbackDev node_modules/react-dom/cjs/react-dom.development.js:4213:15
 > invokeGuardedCallback node_modules/react-dom/cjs/react-dom.development.js:4277:30
 > beginWork$1 node_modules/react-dom/cjs/react-dom.development.js:27490:6
 > performUnitOfWork node_modules/react-dom/cjs/react-dom.development.js:26596:11
 > workLoopSync node_modules/react-dom/cjs/react-dom.development.js:26505:4

[2m11:09:13 AM[22m [31m[1m[vite][22m[39m [31m[2m(client)[22m[39m [2m[console.error] [22mThe above error occurred in the <StageBody> component:

    at StageBody (http://localhost:5173/pipeline.jsx?t=1782238151577:742:22)
    at div
    at div
    at Stage (http://localhost:5173/pipeline.jsx?t=1782238151577:202:18)
    at div
    at Pipeline (http://localhost:5173/pipeline.jsx?t=1782238151577:50:21)
    at div
    at main
    at div
    at ErrorBoundary (http://localhost:5173/app.jsx?t=1782238052138:12:3)
    at div
    at App (http://localhost:5173/app.jsx?t=1782238052138:94:29)
    at RootBoundary (http://localhost:5173/src/main.jsx?t=1782238151577:35:3)

React will try to recreate this component tree from scratch using the error boundary you provided, ErrorBoundary.
[2m11:09:20 AM[22m [36m[1m[vite][22m[39m [90m[2m(client)[22m[39m [32mhmr update [39m[2m/pipeline.jsx[22m
[2m11:09:20 AM[22m [36m[1m[vite][22m[39m [90m[2m(client)[22m[39m [33mhmr invalidate [39m[2m/pipeline.jsx[22m Could not Fast Refresh ("true" export is incompatible). Learn more at https://github.com/vitejs/vite-plugin-react/tree/main/packages/plugin-react#consistent-components-exports
[2m11:09:20 AM[22m [36m[1m[vite][22m[39m [90m[2m(client)[22m[39m [32mhmr update [39m[2m/src/main.jsx[22m
[2m11:09:20 AM[22m [31m[1m[vite][22m[39m [31m[2m(client)[22m[39m [2m[console.error] [22mWarning: You are calling ReactDOMClient.createRoot() on a container that has already been passed to createRoot() before. Instead, call root.render() on the existing root instead if you want to update it.
[2m11:09:20 AM[22m [36m[1m[vite][22m[39m [90m[2m(client)[22m[39m [33mhmr invalidate [39m[2m/src/main.jsx[22m Could not Fast Refresh ("true" export is incompatible). Learn more at https://github.com/vitejs/vite-plugin-react/tree/main/packages/plugin-react#consistent-components-exports
[2m11:09:20 AM[22m [36m[1m[vite][22m[39m [90m[2m(client)[22m[39m [32mpage reload [39m[2msrc/main.jsx[22m
[2m11:09:20 AM[22m [31m[1m[vite][22m[39m [31m[2m(client)[22m[39m [31m[Unhandled error] [1mReferenceError[22m: s5Extra is not defined
[39m > StageBody pipeline.jsx:374:62
    372 |  
    373 |    if (id === "s4") return <><S4Body output={output}/><StageTrace trace={trace}/></>;
    374 |  ...if (id === "s5") return <><S5Body output={output} flowMeta={s5Extra?.flowMeta} risks={s5Extra?.risks} maps={s5Extr...
        |                                                                 ^
    375 |    if (id === "s6") return <><S6Body output={output}/><StageTrace trace={trace}/></>;
    376 |    return null;
 > renderWithHooks node_modules/react-dom/cjs/react-dom.development.js:15486:17
 > mountIndeterminateComponent node_modules/react-dom/cjs/react-dom.development.js:20103:12
 > beginWork node_modules/react-dom/cjs/react-dom.development.js:21626:15
 > HTMLUnknownElement.callCallback node_modules/react-dom/cjs/react-dom.development.js:4164:13
 > Object.invokeGuardedCallbackDev node_modules/react-dom/cjs/react-dom.development.js:4213:15
 > invokeGuardedCallback node_modules/react-dom/cjs/react-dom.development.js:4277:30
 > beginWork$1 node_modules/react-dom/cjs/react-dom.development.js:27490:6
 > performUnitOfWork node_modules/react-dom/cjs/react-dom.development.js:26596:11
 > workLoopSync node_modules/react-dom/cjs/react-dom.development.js:26505:4

[2m11:09:20 AM[22m [31m[1m[vite][22m[39m [31m[2m(client)[22m[39m [31m[Unhandled error] [1mReferenceError[22m: s5Extra is not defined
[39m > StageBody pipeline.jsx:374:62
    372 |  
    373 |    if (id === "s4") return <><S4Body output={output}/><StageTrace trace={trace}/></>;
    374 |  ...if (id === "s5") return <><S5Body output={output} flowMeta={s5Extra?.flowMeta} risks={s5Extra?.risks} maps={s5Extr...
        |                                                                 ^
    375 |    if (id === "s6") return <><S6Body output={output}/><StageTrace trace={trace}/></>;
    376 |    return null;
 > renderWithHooks node_modules/react-dom/cjs/react-dom.development.js:15486:17
 > mountIndeterminateComponent node_modules/react-dom/cjs/react-dom.development.js:20103:12
 > beginWork node_modules/react-dom/cjs/react-dom.development.js:21626:15
 > HTMLUnknownElement.callCallback node_modules/react-dom/cjs/react-dom.development.js:4164:13
 > Object.invokeGuardedCallbackDev node_modules/react-dom/cjs/react-dom.development.js:4213:15
 > invokeGuardedCallback node_modules/react-dom/cjs/react-dom.development.js:4277:30
 > beginWork$1 node_modules/react-dom/cjs/react-dom.development.js:27490:6
 > performUnitOfWork node_modules/react-dom/cjs/react-dom.development.js:26596:11
 > workLoopSync node_modules/react-dom/cjs/react-dom.development.js:26505:4

[2m11:09:20 AM[22m [31m[1m[vite][22m[39m [31m[2m(client)[22m[39m [2m[console.error] [22mThe above error occurred in the <StageBody> component:

    at StageBody (http://localhost:5173/pipeline.jsx?t=1782238160124:742:22)
    at div
    at div
    at Stage (http://localhost:5173/pipeline.jsx?t=1782238160124:202:18)
    at div
    at Pipeline (http://localhost:5173/pipeline.jsx?t=1782238160124:50:21)
    at div
    at main
    at div
    at ErrorBoundary (http://localhost:5173/app.jsx?t=1782238052138:12:3)
    at div
    at App (http://localhost:5173/app.jsx?t=1782238052138:94:29)
    at RootBoundary (http://localhost:5173/src/main.jsx?t=1782238160124:35:3)

React will try to recreate this component tree from scratch using the error boundary you provided, ErrorBoundary.
[2m11:09:21 AM[22m [31m[1m[vite][22m[39m [31m[2m(client)[22m[39m [31m[Unhandled error] [1mReferenceError[22m: s5Extra is not defined
[39m > StageBody pipeline.jsx:374:62
    372 |  
    373 |    if (id === "s4") return <><S4Body output={output}/><StageTrace trace={trace}/></>;
    374 |  ...if (id === "s5") return <><S5Body output={output} flowMeta={s5Extra?.flowMeta} risks={s5Extra?.risks} maps={s5Extr...
        |                                                                 ^
    375 |    if (id === "s6") return <><S6Body output={output}/><StageTrace trace={trace}/></>;
    376 |    return null;
 > renderWithHooks node_modules/react-dom/cjs/react-dom.development.js:15486:17
 > mountIndeterminateComponent node_modules/react-dom/cjs/react-dom.development.js:20103:12
 > beginWork node_modules/react-dom/cjs/react-dom.development.js:21626:15
 > HTMLUnknownElement.callCallback node_modules/react-dom/cjs/react-dom.development.js:4164:13
 > Object.invokeGuardedCallbackDev node_modules/react-dom/cjs/react-dom.development.js:4213:15
 > invokeGuardedCallback node_modules/react-dom/cjs/react-dom.development.js:4277:30
 > beginWork$1 node_modules/react-dom/cjs/react-dom.development.js:27490:6
 > performUnitOfWork node_modules/react-dom/cjs/react-dom.development.js:26596:11
 > workLoopSync node_modules/react-dom/cjs/react-dom.development.js:26505:4

[2m11:09:21 AM[22m [31m[1m[vite][22m[39m [31m[2m(client)[22m[39m [31m[Unhandled error] [1mReferenceError[22m: s5Extra is not defined
[39m > StageBody pipeline.jsx:374:62
    372 |  
    373 |    if (id === "s4") return <><S4Body output={output}/><StageTrace trace={trace}/></>;
    374 |  ...if (id === "s5") return <><S5Body output={output} flowMeta={s5Extra?.flowMeta} risks={s5Extra?.risks} maps={s5Extr...
        |                                                                 ^
    375 |    if (id === "s6") return <><S6Body output={output}/><StageTrace trace={trace}/></>;
    376 |    return null;
 > renderWithHooks node_modules/react-dom/cjs/react-dom.development.js:15486:17
 > mountIndeterminateComponent node_modules/react-dom/cjs/react-dom.development.js:20103:12
 > beginWork node_modules/react-dom/cjs/react-dom.development.js:21626:15
 > HTMLUnknownElement.callCallback node_modules/react-dom/cjs/react-dom.development.js:4164:13
 > Object.invokeGuardedCallbackDev node_modules/react-dom/cjs/react-dom.development.js:4213:15
 > invokeGuardedCallback node_modules/react-dom/cjs/react-dom.development.js:4277:30
 > beginWork$1 node_modules/react-dom/cjs/react-dom.development.js:27490:6
 > performUnitOfWork node_modules/react-dom/cjs/react-dom.development.js:26596:11
 > workLoopSync node_modules/react-dom/cjs/react-dom.development.js:26505:4

[2m11:09:21 AM[22m [31m[1m[vite][22m[39m [31m[2m(client)[22m[39m [2m[console.error] [22mThe above error occurred in the <StageBody> component:

    at StageBody (http://localhost:5173/pipeline.jsx?t=1782238160124:742:22)
    at div
    at div
    at Stage (http://localhost:5173/pipeline.jsx?t=1782238160124:202:18)
    at div
    at Pipeline (http://localhost:5173/pipeline.jsx?t=1782238160124:50:21)
    at div
    at main
    at div
    at ErrorBoundary (http://localhost:5173/app.jsx?t=1782238052138:12:3)
    at div
    at App (http://localhost:5173/app.jsx?t=1782238052138:94:29)
    at RootBoundary (http://localhost:5173/src/main.jsx?t=1782238160124:35:3)

React will try to recreate this component tree from scratch using the error boundary you provided, ErrorBoundary.
[2m11:09:24 AM[22m [36m[1m[vite][22m[39m [90m[2m(client)[22m[39m [32mhmr update [39m[2m/pipeline.jsx[22m
[2m11:09:24 AM[22m [36m[1m[vite][22m[39m [90m[2m(client)[22m[39m [33mhmr invalidate [39m[2m/pipeline.jsx[22m Could not Fast Refresh ("true" export is incompatible). Learn more at https://github.com/vitejs/vite-plugin-react/tree/main/packages/plugin-react#consistent-components-exports
[2m11:09:24 AM[22m [36m[1m[vite][22m[39m [90m[2m(client)[22m[39m [32mhmr update [39m[2m/src/main.jsx[22m
[2m11:09:24 AM[22m [31m[1m[vite][22m[39m [31m[2m(client)[22m[39m [2m[console.error] [22mWarning: You are calling ReactDOMClient.createRoot() on a container that has already been passed to createRoot() before. Instead, call root.render() on the existing root instead if you want to update it.
[2m11:09:24 AM[22m [36m[1m[vite][22m[39m [90m[2m(client)[22m[39m [33mhmr invalidate [39m[2m/src/main.jsx[22m Could not Fast Refresh ("true" export is incompatible). Learn more at https://github.com/vitejs/vite-plugin-react/tree/main/packages/plugin-react#consistent-components-exports
[2m11:09:24 AM[22m [36m[1m[vite][22m[39m [90m[2m(client)[22m[39m [32mpage reload [39m[2msrc/main.jsx[22m
[2m11:09:24 AM[22m [31m[1m[vite][22m[39m [31m[2m(client)[22m[39m [31m[Unhandled error] [1mReferenceError[22m: s5Extra is not defined
[39m > StageBody pipeline.jsx:374:62
    372 |  
    373 |    if (id === "s4") return <><S4Body output={output}/><StageTrace trace={trace}/></>;
    374 |  ...if (id === "s5") return <><S5Body output={output} flowMeta={s5Extra?.flowMeta} risks={s5Extra?.risks} maps={s5Extr...
        |                                                                 ^
    375 |    if (id === "s6") return <><S6Body output={output}/><StageTrace trace={trace}/></>;
    376 |    return null;
 > renderWithHooks node_modules/react-dom/cjs/react-dom.development.js:15486:17
 > mountIndeterminateComponent node_modules/react-dom/cjs/react-dom.development.js:20103:12
 > beginWork node_modules/react-dom/cjs/react-dom.development.js:21626:15
 > HTMLUnknownElement.callCallback node_modules/react-dom/cjs/react-dom.development.js:4164:13
 > Object.invokeGuardedCallbackDev node_modules/react-dom/cjs/react-dom.development.js:4213:15
 > invokeGuardedCallback node_modules/react-dom/cjs/react-dom.development.js:4277:30
 > beginWork$1 node_modules/react-dom/cjs/react-dom.development.js:27490:6
 > performUnitOfWork node_modules/react-dom/cjs/react-dom.development.js:26596:11
 > workLoopSync node_modules/react-dom/cjs/react-dom.development.js:26505:4

[2m11:09:24 AM[22m [31m[1m[vite][22m[39m [31m[2m(client)[22m[39m [31m[Unhandled error] [1mReferenceError[22m: s5Extra is not defined
[39m > StageBody pipeline.jsx:374:62
    372 |  
    373 |    if (id === "s4") return <><S4Body output={output}/><StageTrace trace={trace}/></>;
    374 |  ...if (id === "s5") return <><S5Body output={output} flowMeta={s5Extra?.flowMeta} risks={s5Extra?.risks} maps={s5Extr...
        |                                                                 ^
    375 |    if (id === "s6") return <><S6Body output={output}/><StageTrace trace={trace}/></>;
    376 |    return null;
 > renderWithHooks node_modules/react-dom/cjs/react-dom.development.js:15486:17
 > mountIndeterminateComponent node_modules/react-dom/cjs/react-dom.development.js:20103:12
 > beginWork node_modules/react-dom/cjs/react-dom.development.js:21626:15
 > HTMLUnknownElement.callCallback node_modules/react-dom/cjs/react-dom.development.js:4164:13
 > Object.invokeGuardedCallbackDev node_modules/react-dom/cjs/react-dom.development.js:4213:15
 > invokeGuardedCallback node_modules/react-dom/cjs/react-dom.development.js:4277:30
 > beginWork$1 node_modules/react-dom/cjs/react-dom.development.js:27490:6
 > performUnitOfWork node_modules/react-dom/cjs/react-dom.development.js:26596:11
 > workLoopSync node_modules/react-dom/cjs/react-dom.development.js:26505:4

[2m11:09:24 AM[22m [31m[1m[vite][22m[39m [31m[2m(client)[22m[39m [2m[console.error] [22mThe above error occurred in the <StageBody> component:

    at StageBody (http://localhost:5173/pipeline.jsx?t=1782238164571:743:22)
    at div
    at div
    at Stage (http://localhost:5173/pipeline.jsx?t=1782238164571:202:18)
    at div
    at Pipeline (http://localhost:5173/pipeline.jsx?t=1782238164571:50:21)
    at div
    at main
    at div
    at ErrorBoundary (http://localhost:5173/app.jsx?t=1782238052138:12:3)
    at div
    at App (http://localhost:5173/app.jsx?t=1782238052138:94:29)
    at RootBoundary (http://localhost:5173/src/main.jsx?t=1782238164571:35:3)

React will try to recreate this component tree from scratch using the error boundary you provided, ErrorBoundary.
[2m11:09:26 AM[22m [31m[1m[vite][22m[39m [31m[2m(client)[22m[39m [31m[Unhandled error] [1mReferenceError[22m: s5Extra is not defined
[39m > StageBody pipeline.jsx:374:62
    372 |  
    373 |    if (id === "s4") return <><S4Body output={output}/><StageTrace trace={trace}/></>;
    374 |  ...if (id === "s5") return <><S5Body output={output} flowMeta={s5Extra?.flowMeta} risks={s5Extra?.risks} maps={s5Extr...
        |                                                                 ^
    375 |    if (id === "s6") return <><S6Body output={output}/><StageTrace trace={trace}/></>;
    376 |    return null;
 > renderWithHooks node_modules/react-dom/cjs/react-dom.development.js:15486:17
 > mountIndeterminateComponent node_modules/react-dom/cjs/react-dom.development.js:20103:12
 > beginWork node_modules/react-dom/cjs/react-dom.development.js:21626:15
 > HTMLUnknownElement.callCallback node_modules/react-dom/cjs/react-dom.development.js:4164:13
 > Object.invokeGuardedCallbackDev node_modules/react-dom/cjs/react-dom.development.js:4213:15
 > invokeGuardedCallback node_modules/react-dom/cjs/react-dom.development.js:4277:30
 > beginWork$1 node_modules/react-dom/cjs/react-dom.development.js:27490:6
 > performUnitOfWork node_modules/react-dom/cjs/react-dom.development.js:26596:11
 > workLoopSync node_modules/react-dom/cjs/react-dom.development.js:26505:4

[2m11:09:26 AM[22m [31m[1m[vite][22m[39m [31m[2m(client)[22m[39m [31m[Unhandled error] [1mReferenceError[22m: s5Extra is not defined
[39m > StageBody pipeline.jsx:374:62
    372 |  
    373 |    if (id === "s4") return <><S4Body output={output}/><StageTrace trace={trace}/></>;
    374 |  ...if (id === "s5") return <><S5Body output={output} flowMeta={s5Extra?.flowMeta} risks={s5Extra?.risks} maps={s5Extr...
        |                                                                 ^
    375 |    if (id === "s6") return <><S6Body output={output}/><StageTrace trace={trace}/></>;
    376 |    return null;
 > renderWithHooks node_modules/react-dom/cjs/react-dom.development.js:15486:17
 > mountIndeterminateComponent node_modules/react-dom/cjs/react-dom.development.js:20103:12
 > beginWork node_modules/react-dom/cjs/react-dom.development.js:21626:15
 > HTMLUnknownElement.callCallback node_modules/react-dom/cjs/react-dom.development.js:4164:13
 > Object.invokeGuardedCallbackDev node_modules/react-dom/cjs/react-dom.development.js:4213:15
 > invokeGuardedCallback node_modules/react-dom/cjs/react-dom.development.js:4277:30
 > beginWork$1 node_modules/react-dom/cjs/react-dom.development.js:27490:6
 > performUnitOfWork node_modules/react-dom/cjs/react-dom.development.js:26596:11
 > workLoopSync node_modules/react-dom/cjs/react-dom.development.js:26505:4

[2m11:09:26 AM[22m [31m[1m[vite][22m[39m [31m[2m(client)[22m[39m [2m[console.error] [22mThe above error occurred in the <StageBody> component:

    at StageBody (http://localhost:5173/pipeline.jsx?t=1782238164571:743:22)
    at div
    at div
    at Stage (http://localhost:5173/pipeline.jsx?t=1782238164571:202:18)
    at div
    at Pipeline (http://localhost:5173/pipeline.jsx?t=1782238164571:50:21)
    at div
    at main
    at div
    at ErrorBoundary (http://localhost:5173/app.jsx?t=1782238052138:12:3)
    at div
    at App (http://localhost:5173/app.jsx?t=1782238052138:94:29)
    at RootBoundary (http://localhost:5173/src/main.jsx?t=1782238164571:35:3)

React will try to recreate this component tree from scratch using the error boundary you provided, ErrorBoundary.
[2m11:09:31 AM[22m [36m[1m[vite][22m[39m [90m[2m(client)[22m[39m [32mhmr update [39m[2m/pipeline.jsx[22m
[2m11:09:31 AM[22m [36m[1m[vite][22m[39m [90m[2m(client)[22m[39m [33mhmr invalidate [39m[2m/pipeline.jsx[22m Could not Fast Refresh ("true" export is incompatible). Learn more at https://github.com/vitejs/vite-plugin-react/tree/main/packages/plugin-react#consistent-components-exports
[2m11:09:31 AM[22m [36m[1m[vite][22m[39m [90m[2m(client)[22m[39m [32mhmr update [39m[2m/src/main.jsx[22m
[2m11:09:31 AM[22m [31m[1m[vite][22m[39m [31m[2m(client)[22m[39m [2m[console.error] [22mWarning: You are calling ReactDOMClient.createRoot() on a container that has already been passed to createRoot() before. Instead, call root.render() on the existing root instead if you want to update it.
[2m11:09:31 AM[22m [36m[1m[vite][22m[39m [90m[2m(client)[22m[39m [33mhmr invalidate [39m[2m/src/main.jsx[22m Could not Fast Refresh ("true" export is incompatible). Learn more at https://github.com/vitejs/vite-plugin-react/tree/main/packages/plugin-react#consistent-components-exports
[2m11:09:31 AM[22m [36m[1m[vite][22m[39m [90m[2m(client)[22m[39m [32mpage reload [39m[2msrc/main.jsx[22m
[2m11:09:49 AM[22m [36m[1m[vite][22m[39m [90m[2m(client)[22m[39m [32mhmr update [39m[2m/pipeline.jsx[22m
[2m11:09:49 AM[22m [36m[1m[vite][22m[39m [90m[2m(client)[22m[39m [33mhmr invalidate [39m[2m/pipeline.jsx[22m Could not Fast Refresh ("true" export is incompatible). Learn more at https://github.com/vitejs/vite-plugin-react/tree/main/packages/plugin-react#consistent-components-exports
[2m11:09:49 AM[22m [36m[1m[vite][22m[39m [90m[2m(client)[22m[39m [32mhmr update [39m[2m/src/main.jsx[22m
[2m11:09:49 AM[22m [31m[1m[vite][22m[39m [31m[2m(client)[22m[39m [2m[console.error] [22mWarning: You are calling ReactDOMClient.createRoot() on a container that has already been passed to createRoot() before. Instead, call root.render() on the existing root instead if you want to update it.
[2m11:09:49 AM[22m [36m[1m[vite][22m[39m [90m[2m(client)[22m[39m [33mhmr invalidate [39m[2m/src/main.jsx[22m Could not Fast Refresh ("true" export is incompatible). Learn more at https://github.com/vitejs/vite-plugin-react/tree/main/packages/plugin-react#consistent-components-exports
[2m11:09:49 AM[22m [36m[1m[vite][22m[39m [90m[2m(client)[22m[39m [32mpage reload [39m[2msrc/main.jsx[22m
